/home/user/robot_workspace/doosan_ws/install/dsr_bringup2/lib/python3.10/site-packages/dsr_bringup2/gazebo_connection_pos.py
/home/user/robot_workspace/doosan_ws/install/dsr_bringup2/lib/python3.10/site-packages/dsr_bringup2/dsr_mujoco_bridge.py
/home/user/robot_workspace/doosan_ws/install/dsr_bringup2/lib/python3.10/site-packages/dsr_bringup2/moveit_connection.py
/home/user/robot_workspace/doosan_ws/install/dsr_bringup2/lib/python3.10/site-packages/dsr_bringup2/gazebo_connection.py
/home/user/robot_workspace/doosan_ws/install/dsr_bringup2/lib/python3.10/site-packages/dsr_bringup2/utils.py
/home/user/robot_workspace/doosan_ws/install/dsr_bringup2/lib/python3.10/site-packages/dsr_bringup2/run_emulator.py
/home/user/robot_workspace/doosan_ws/install/dsr_bringup2/lib/python3.10/site-packages/dsr_bringup2/__init__.py
/home/user/robot_workspace/doosan_ws/install/dsr_bringup2/lib/python3.10/site-packages/dsr_bringup2/__pycache__/gazebo_connection_pos.cpython-310.pyc
/home/user/robot_workspace/doosan_ws/install/dsr_bringup2/lib/python3.10/site-packages/dsr_bringup2/__pycache__/dsr_mujoco_bridge.cpython-310.pyc
/home/user/robot_workspace/doosan_ws/install/dsr_bringup2/lib/python3.10/site-packages/dsr_bringup2/__pycache__/moveit_connection.cpython-310.pyc
/home/user/robot_workspace/doosan_ws/install/dsr_bringup2/lib/python3.10/site-packages/dsr_bringup2/__pycache__/gazebo_connection.cpython-310.pyc
/home/user/robot_workspace/doosan_ws/install/dsr_bringup2/lib/python3.10/site-packages/dsr_bringup2/__pycache__/utils.cpython-310.pyc
/home/user/robot_workspace/doosan_ws/install/dsr_bringup2/lib/python3.10/site-packages/dsr_bringup2/__pycache__/run_emulator.cpython-310.pyc
/home/user/robot_workspace/doosan_ws/install/dsr_bringup2/lib/python3.10/site-packages/dsr_bringup2/__pycache__/__init__.cpython-310.pyc
/home/user/robot_workspace/doosan_ws/install/dsr_bringup2/share/ament_index/resource_index/packages/dsr_bringup2
/home/user/robot_workspace/doosan_ws/install/dsr_bringup2/share/dsr_bringup2/package.xml
/home/user/robot_workspace/doosan_ws/install/dsr_bringup2/share/dsr_bringup2/launch/dsr_bringup2_mujoco.launch.py
/home/user/robot_workspace/doosan_ws/install/dsr_bringup2/share/dsr_bringup2/launch/dsr_bringup2_moveit.launch.py
/home/user/robot_workspace/doosan_ws/install/dsr_bringup2/share/dsr_bringup2/launch/dsr_bringup2_rviz.launch.py
/home/user/robot_workspace/doosan_ws/install/dsr_bringup2/share/dsr_bringup2/launch/dsr_bringup2_spawn_on_gazebo.launch.py
/home/user/robot_workspace/doosan_ws/install/dsr_bringup2/share/dsr_bringup2/launch/dsr_bringup2_gazebo.launch.py
/home/user/robot_workspace/doosan_ws/install/dsr_bringup2/share/dsr_bringup2/rviz/default.rviz
/home/user/robot_workspace/doosan_ws/install/dsr_bringup2/lib/python3.10/site-packages/dsr_bringup2-0.1.2-py3.10.egg-info/top_level.txt
/home/user/robot_workspace/doosan_ws/install/dsr_bringup2/lib/python3.10/site-packages/dsr_bringup2-0.1.2-py3.10.egg-info/entry_points.txt
/home/user/robot_workspace/doosan_ws/install/dsr_bringup2/lib/python3.10/site-packages/dsr_bringup2-0.1.2-py3.10.egg-info/PKG-INFO
/home/user/robot_workspace/doosan_ws/install/dsr_bringup2/lib/python3.10/site-packages/dsr_bringup2-0.1.2-py3.10.egg-info/SOURCES.txt
/home/user/robot_workspace/doosan_ws/install/dsr_bringup2/lib/python3.10/site-packages/dsr_bringup2-0.1.2-py3.10.egg-info/dependency_links.txt
/home/user/robot_workspace/doosan_ws/install/dsr_bringup2/lib/python3.10/site-packages/dsr_bringup2-0.1.2-py3.10.egg-info/zip-safe
/home/user/robot_workspace/doosan_ws/install/dsr_bringup2/lib/python3.10/site-packages/dsr_bringup2-0.1.2-py3.10.egg-info/requires.txt
/home/user/robot_workspace/doosan_ws/install/dsr_bringup2/lib/dsr_bringup2/gazebo_connection
/home/user/robot_workspace/doosan_ws/install/dsr_bringup2/lib/dsr_bringup2/moveit_connection
/home/user/robot_workspace/doosan_ws/install/dsr_bringup2/lib/dsr_bringup2/mujoco_bridge
/home/user/robot_workspace/doosan_ws/install/dsr_bringup2/lib/dsr_bringup2/run_emulator
