/home/user/robot_workspace/vla_ws/install/grasp_vla/lib/python3.10/site-packages/grasp_vla/gripper_controller.py
/home/user/robot_workspace/vla_ws/install/grasp_vla/lib/python3.10/site-packages/grasp_vla/camera_node.py
/home/user/robot_workspace/vla_ws/install/grasp_vla/lib/python3.10/site-packages/grasp_vla/gripper_state_publisher.py
/home/user/robot_workspace/vla_ws/install/grasp_vla/lib/python3.10/site-packages/grasp_vla/robot_controller.py
/home/user/robot_workspace/vla_ws/install/grasp_vla/lib/python3.10/site-packages/grasp_vla/smolvla_client.py
/home/user/robot_workspace/vla_ws/install/grasp_vla/lib/python3.10/site-packages/grasp_vla/grasp_pipeline.py
/home/user/robot_workspace/vla_ws/install/grasp_vla/lib/python3.10/site-packages/grasp_vla/__init__.py
/home/user/robot_workspace/vla_ws/install/grasp_vla/lib/python3.10/site-packages/grasp_vla/__pycache__/gripper_controller.cpython-310.pyc
/home/user/robot_workspace/vla_ws/install/grasp_vla/lib/python3.10/site-packages/grasp_vla/__pycache__/camera_node.cpython-310.pyc
/home/user/robot_workspace/vla_ws/install/grasp_vla/lib/python3.10/site-packages/grasp_vla/__pycache__/gripper_state_publisher.cpython-310.pyc
/home/user/robot_workspace/vla_ws/install/grasp_vla/lib/python3.10/site-packages/grasp_vla/__pycache__/robot_controller.cpython-310.pyc
/home/user/robot_workspace/vla_ws/install/grasp_vla/lib/python3.10/site-packages/grasp_vla/__pycache__/smolvla_client.cpython-310.pyc
/home/user/robot_workspace/vla_ws/install/grasp_vla/lib/python3.10/site-packages/grasp_vla/__pycache__/grasp_pipeline.cpython-310.pyc
/home/user/robot_workspace/vla_ws/install/grasp_vla/lib/python3.10/site-packages/grasp_vla/__pycache__/__init__.cpython-310.pyc
/home/user/robot_workspace/vla_ws/install/grasp_vla/share/ament_index/resource_index/packages/grasp_vla
/home/user/robot_workspace/vla_ws/install/grasp_vla/share/grasp_vla/package.xml
/home/user/robot_workspace/vla_ws/install/grasp_vla/share/grasp_vla/launch/collect_episode.launch.py
/home/user/robot_workspace/vla_ws/install/grasp_vla/share/grasp_vla/launch/strawberry_harvest.launch.py
/home/user/robot_workspace/vla_ws/install/grasp_vla/share/grasp_vla/launch/grasp.launch.py
/home/user/robot_workspace/vla_ws/install/grasp_vla/share/grasp_vla/config/params.yaml
/home/user/robot_workspace/vla_ws/install/grasp_vla/share/grasp_vla/config/bag_qos_overrides.yaml
/home/user/robot_workspace/vla_ws/install/grasp_vla/lib/python3.10/site-packages/grasp_vla-0.1.0-py3.10.egg-info/top_level.txt
/home/user/robot_workspace/vla_ws/install/grasp_vla/lib/python3.10/site-packages/grasp_vla-0.1.0-py3.10.egg-info/entry_points.txt
/home/user/robot_workspace/vla_ws/install/grasp_vla/lib/python3.10/site-packages/grasp_vla-0.1.0-py3.10.egg-info/PKG-INFO
/home/user/robot_workspace/vla_ws/install/grasp_vla/lib/python3.10/site-packages/grasp_vla-0.1.0-py3.10.egg-info/SOURCES.txt
/home/user/robot_workspace/vla_ws/install/grasp_vla/lib/python3.10/site-packages/grasp_vla-0.1.0-py3.10.egg-info/dependency_links.txt
/home/user/robot_workspace/vla_ws/install/grasp_vla/lib/python3.10/site-packages/grasp_vla-0.1.0-py3.10.egg-info/zip-safe
/home/user/robot_workspace/vla_ws/install/grasp_vla/lib/python3.10/site-packages/grasp_vla-0.1.0-py3.10.egg-info/requires.txt
/home/user/robot_workspace/vla_ws/install/grasp_vla/lib/grasp_vla/grasp_pipeline_node
/home/user/robot_workspace/vla_ws/install/grasp_vla/lib/grasp_vla/gripper_state_publisher_node
