nohup: ignoring input
[20260609_060120] config=/workspace/scripts/vla_sft_v.0.4.3.yaml epochs=6 steps=3828 batch=12 lr=1e-5
WARNING:lerobot.configs.policies:Device 'None' is not available. Switching to 'cuda'.
INFO 2026-06-09 06:01:25 ot_train.py:212 {'batch_size': 12,
 'checkpoint_path': None,
 'cudnn_deterministic': False,
 'dataset': {'episodes': None,
             'image_transforms': {'enable': False,
                                  'max_num_transforms': 3,
                                  'random_order': False,
                                  'tfs': {'affine': {'kwargs': {'degrees': [-5.0,
                                                                            5.0],
                                                                'translate': [0.05,
                                                                              0.05]},
                                                     'type': 'RandomAffine',
                                                     'weight': 1.0},
                                          'brightness': {'kwargs': {'brightness': [0.8,
                                                                                   1.2]},
                                                         'type': 'ColorJitter',
                                                         'weight': 1.0},
                                          'contrast': {'kwargs': {'contrast': [0.8,
                                                                               1.2]},
                                                       'type': 'ColorJitter',
                                                       'weight': 1.0},
                                          'hue': {'kwargs': {'hue': [-0.05,
                                                                     0.05]},
                                                  'type': 'ColorJitter',
                                                  'weight': 1.0},
                                          'saturation': {'kwargs': {'saturation': [0.5,
                                                                                   1.5]},
                                                         'type': 'ColorJitter',
                                                         'weight': 1.0},
                                          'sharpness': {'kwargs': {'sharpness': [0.5,
                                                                                 1.5]},
                                                        'type': 'SharpnessJitter',
                                                        'weight': 1.0}}},
             'repo_id': '/data/vla/fin/vla_dataset_v0.4.3',
             'return_uint8': False,
             'revision': None,
             'root': None,
             'streaming': False,
             'use_imagenet_stats': False,
             'video_backend': 'torchcodec'},
 'env': None,
 'eval': {'batch_size': 16, 'n_episodes': 50, 'use_async_envs': True},
 'eval_freq': 20000,
 'job_name': 'pi05_sft_v.0.4.3',
 'log_freq': 50,
 'num_workers': 4,
 'optimizer': {'betas': [0.9, 0.95],
               'eps': 1e-08,
               'grad_clip_norm': 10.0,
               'lr': 1e-05,
               'type': 'adamw',
               'weight_decay': 1e-10},
 'output_dir': '/models/ours/pi05_sft_v.0.4.3',
 'peft': {'full_training_modules': None,
          'init_type': None,
          'method_type': 'LORA',
          'r': 16,
          'target_modules': None},
 'persistent_workers': True,
 'policy': {'action_expert_variant': 'gemma_300m',
            'action_feature_names': None,
            'chunk_size': 50,
            'compile_mode': 'max-autotune',
            'compile_model': False,
            'device': 'cuda',
            'dtype': 'bfloat16',
            'empty_cameras': 0,
            'freeze_vision_encoder': True,
            'gradient_checkpointing': True,
            'image_resolution': [224, 224],
            'input_features': {'observation.images.base_0_rgb': {'shape': [3,
                                                                           224,
                                                                           224],
                                                                 'type': <FeatureType.VISUAL: 'VISUAL'>},
                               'observation.images.left_wrist_0_rgb': {'shape': [3,
                                                                                 224,
                                                                                 224],
                                                                       'type': <FeatureType.VISUAL: 'VISUAL'>},
                               'observation.images.right_wrist_0_rgb': {'shape': [3,
                                                                                  224,
                                                                                  224],
                                                                        'type': <FeatureType.VISUAL: 'VISUAL'>},
                               'observation.state': {'shape': [32],
                                                     'type': <FeatureType.STATE: 'STATE'>}},
            'license': None,
            'max_action_dim': 32,
            'max_period': 4.0,
            'max_state_dim': 32,
            'min_period': 0.004,
            'n_action_steps': 50,
            'n_obs_steps': 1,
            'normalization_mapping': {'ACTION': <NormalizationMode.MIN_MAX: 'MIN_MAX'>,
                                      'STATE': <NormalizationMode.QUANTILES: 'QUANTILES'>,
                                      'VISUAL': <NormalizationMode.IDENTITY: 'IDENTITY'>},
            'num_inference_steps': 10,
            'optimizer_betas': [0.9, 0.95],
            'optimizer_eps': 1e-08,
            'optimizer_grad_clip_norm': 10.0,
            'optimizer_lr': 1e-05,
            'optimizer_weight_decay': 1e-10,
            'output_features': {'action': {'shape': [32],
                                           'type': <FeatureType.ACTION: 'ACTION'>}},
            'paligemma_variant': 'gemma_2b',
            'pretrained_path': '/models/public/pi05_base',
            'private': None,
            'push_to_hub': False,
            'relative_exclude_joints': ['gripper'],
            'repo_id': None,
            'rtc_config': None,
            'scheduler_decay_lr': 2.5e-06,
            'scheduler_decay_steps': 30000,
            'scheduler_warmup_steps': 100,
            'tags': None,
            'time_sampling_beta_alpha': 1.5,
            'time_sampling_beta_beta': 1.0,
            'time_sampling_offset': 0.001,
            'time_sampling_scale': 0.999,
            'tokenizer_max_length': 200,
            'train_expert_only': False,
            'type': 'pi05',
            'use_amp': False,
            'use_peft': False,
            'use_relative_actions': False},
 'prefetch_factor': 4,
 'rename_map': {'observation.images.camera1': 'observation.images.base_0_rgb',
                'observation.images.camera2': 'observation.images.left_wrist_0_rgb'},
 'resume': False,
 'reward_model': None,
 'sample_weighting': None,
 'save_checkpoint': True,
 'save_freq': 638,
 'scheduler': {'decay_lr': 2.5e-06,
               'num_decay_steps': 30000,
               'num_warmup_steps': 100,
               'peak_lr': 1e-05,
               'type': 'cosine_decay_with_warmup'},
 'seed': 1000,
 'steps': 3828,
 'tolerance_s': 0.0001,
 'use_policy_training_preset': True,
 'wandb': {'add_tags': True,
           'disable_artifact': False,
           'enable': False,
           'entity': None,
           'mode': None,
           'notes': None,
           'project': 'jeongwon-vla',
           'run_id': None}}
INFO 2026-06-09 06:01:25 ot_train.py:220 Logs will be saved locally.
INFO 2026-06-09 06:01:25 ot_train.py:236 Creating dataset
WARNING 2026-06-09 06:01:25 ts/utils.py:172 Unknown fields in DatasetInfo: ['category']. These will be ignored.
INFO 2026-06-09 06:01:25 eo_utils.py:109 Using video codec: libsvtav1
WARNING 2026-06-09 06:01:25 ts/utils.py:172 Unknown fields in DatasetInfo: ['category']. These will be ignored.
INFO 2026-06-09 06:01:25 ot_train.py:270 Creating policy
INFO 2026-06-09 06:02:45 ing_pi05.py:599 Enabled gradient checkpointing for PI05Pytorch model
The PI05 model is a direct port of the OpenPI implementation. 
This implementation follows the original OpenPI structure for compatibility. 
Original implementation: https://github.com/Physical-Intelligence/openpi
Traceback (most recent call last):
  File "/usr/local/bin/lerobot-train", line 8, in <module>
    sys.exit(main())
             ^^^^^^
  File "/workspace/lerobot/src/lerobot/scripts/lerobot_train.py", line 595, in main
    train()
  File "/workspace/lerobot/src/lerobot/configs/parser.py", line 233, in wrapper_inner
    response = fn(cfg, *args, **kwargs)
               ^^^^^^^^^^^^^^^^^^^^^^^^
  File "/workspace/lerobot/src/lerobot/scripts/lerobot_train.py", line 271, in train
    policy = make_policy(
             ^^^^^^^^^^^^
  File "/workspace/lerobot/src/lerobot/policies/factory.py", line 522, in make_policy
    policy = policy_cls.from_pretrained(**kwargs)
             ^^^^^^^^^^^^^^^^^^^^^^^^^^^^^^^^^^^^
  File "/workspace/lerobot/src/lerobot/policies/pi05/modeling_pi05.py", line 973, in from_pretrained
    model = cls(config, **kwargs)
            ^^^^^^^^^^^^^^^^^^^^^
  File "/workspace/lerobot/src/lerobot/policies/pi05/modeling_pi05.py", line 928, in __init__
    self.model.to(config.device)
  File "/usr/local/lib/python3.12/dist-packages/torch/nn/modules/module.py", line 1384, in to
    return self._apply(convert)
           ^^^^^^^^^^^^^^^^^^^^
  File "/usr/local/lib/python3.12/dist-packages/torch/nn/modules/module.py", line 934, in _apply
    module._apply(fn)
  File "/usr/local/lib/python3.12/dist-packages/torch/nn/modules/module.py", line 934, in _apply
    module._apply(fn)
  File "/usr/local/lib/python3.12/dist-packages/torch/nn/modules/module.py", line 934, in _apply
    module._apply(fn)
  [Previous line repeated 7 more times]
  File "/usr/local/lib/python3.12/dist-packages/torch/nn/modules/module.py", line 965, in _apply
    param_applied = fn(param)
                    ^^^^^^^^^
  File "/usr/local/lib/python3.12/dist-packages/torch/nn/modules/module.py", line 1370, in convert
    return t.to(
           ^^^^^
torch.OutOfMemoryError: CUDA out of memory. Tried to allocate 20.00 MiB. GPU 0 has a total capacity of 15.47 GiB of which 5.56 MiB is free. Process 8417 has 13.55 GiB memory in use. Including non-PyTorch memory, this process has 1.75 GiB memory in use. Of the allocated memory 1.56 GiB is allocated by PyTorch, and 2.30 MiB is reserved by PyTorch but unallocated. If reserved but unallocated memory is large try setting PYTORCH_CUDA_ALLOC_CONF=expandable_segments:True to avoid fragmentation.  See documentation for Memory Management  (https://docs.pytorch.org/docs/stable/notes/cuda.html#optimizing-memory-usage-with-pytorch-cuda-alloc-conf)
