[20260520_074404] config=/workspace/scripts/smolvla_sft_v.0.1.0.yaml epochs=3 steps=15 batch=32 lr=1e-4
INFO 2026-05-20 07:44:09 ot_train.py:212 {'batch_size': 32,
 'checkpoint_path': '/models/ours/smolvla_sft_v.0.1.0/checkpoints/last',
 'cudnn_deterministic': False,
 'dataset': {'episodes': None,
             'image_transforms': {'enable': False,
                                  'max_num_transforms': 3,
                                  'random_order': False,
                                  'tfs': {'affine': {'kwargs': {'degrees': [-5.0,
                                                                            5.0],
                                                                'translate': [0.05,
                                                                              0.05]},
                                                     'type': 'RandomAffine',
                                                     'weight': 1.0},
                                          'brightness': {'kwargs': {'brightness': [0.8,
                                                                                   1.2]},
                                                         'type': 'ColorJitter',
                                                         'weight': 1.0},
                                          'contrast': {'kwargs': {'contrast': [0.8,
                                                                               1.2]},
                                                       'type': 'ColorJitter',
                                                       'weight': 1.0},
                                          'hue': {'kwargs': {'hue': [-0.05,
                                                                     0.05]},
                                                  'type': 'ColorJitter',
                                                  'weight': 1.0},
                                          'saturation': {'kwargs': {'saturation': [0.5,
                                                                                   1.5]},
                                                         'type': 'ColorJitter',
                                                         'weight': 1.0},
                                          'sharpness': {'kwargs': {'sharpness': [0.5,
                                                                                 1.5]},
                                                        'type': 'SharpnessJitter',
                                                        'weight': 1.0}}},
             'repo_id': '/data/vla/fin/lerobot_dataset_v1.1.0',
             'return_uint8': False,
             'revision': None,
             'root': None,
             'streaming': False,
             'use_imagenet_stats': False,
             'video_backend': 'torchcodec'},
 'env': None,
 'eval': {'batch_size': 16, 'n_episodes': 50, 'use_async_envs': True},
 'eval_freq': 20000,
 'job_name': 'smolvla_sft_v.0.1.0',
 'log_freq': 10,
 'num_workers': 4,
 'optimizer': {'betas': [0.9, 0.95],
               'eps': 1e-08,
               'grad_clip_norm': 10.0,
               'lr': 0.0001,
               'type': 'adamw',
               'weight_decay': 1e-10},
 'output_dir': '/models/ours/smolvla_sft_v.0.1.0',
 'peft': None,
 'persistent_workers': True,
 'policy': {'adapt_to_pi_aloha': False,
            'add_image_special_tokens': False,
            'attention_mode': 'cross_attn',
            'chunk_size': 50,
            'compile_mode': 'max-autotune',
            'compile_model': False,
            'device': 'cuda',
            'empty_cameras': 0,
            'expert_width_multiplier': 0.75,
            'freeze_vision_encoder': True,
            'input_features': {'observation.images.camera1': {'shape': [3,
                                                                        256,
                                                                        256],
                                                              'type': <FeatureType.VISUAL: 'VISUAL'>},
                               'observation.images.camera2': {'shape': [3,
                                                                        256,
                                                                        256],
                                                              'type': <FeatureType.VISUAL: 'VISUAL'>},
                               'observation.images.camera3': {'shape': [3,
                                                                        256,
                                                                        256],
                                                              'type': <FeatureType.VISUAL: 'VISUAL'>},
                               'observation.state': {'shape': [7],
                                                     'type': <FeatureType.STATE: 'STATE'>}},
            'license': None,
            'load_vlm_weights': True,
            'max_action_dim': 32,
            'max_period': 4.0,
            'max_state_dim': 32,
            'min_period': 0.004,
            'n_action_steps': 50,
            'n_obs_steps': 1,
            'normalization_mapping': {'ACTION': <NormalizationMode.MEAN_STD: 'MEAN_STD'>,
                                      'STATE': <NormalizationMode.MEAN_STD: 'MEAN_STD'>,
                                      'VISUAL': <NormalizationMode.IDENTITY: 'IDENTITY'>},
            'num_expert_layers': 0,
            'num_steps': 10,
            'num_vlm_layers': 16,
            'optimizer_betas': [0.9, 0.95],
            'optimizer_eps': 1e-08,
            'optimizer_grad_clip_norm': 10.0,
            'optimizer_lr': 0.0001,
            'optimizer_weight_decay': 1e-10,
            'output_features': {'action': {'shape': [7],
                                           'type': <FeatureType.ACTION: 'ACTION'>}},
            'pad_language_to': 'max_length',
            'prefix_length': 0,
            'pretrained_path': '/models/public/smolvla_base',
            'private': None,
            'push_to_hub': False,
            'repo_id': None,
            'resize_imgs_with_padding': [512, 512],
            'rtc_config': None,
            'scheduler_decay_lr': 2.5e-06,
            'scheduler_decay_steps': 30000,
            'scheduler_warmup_steps': 1000,
            'self_attn_every_n_layers': 2,
            'tags': None,
            'tokenizer_max_length': 48,
            'train_expert_only': True,
            'train_state_proj': True,
            'type': 'smolvla',
            'use_amp': False,
            'use_cache': True,
            'use_delta_joint_actions_aloha': False,
            'use_peft': False,
            'vlm_model_name': '/models/public/SmolVLM2-500M-Video-Instruct'},
 'prefetch_factor': 4,
 'rename_map': {},
 'resume': True,
 'reward_model': None,
 'sample_weighting': None,
 'save_checkpoint': True,
 'save_freq': 30,
 'scheduler': {'decay_lr': 2.5e-06,
               'num_decay_steps': 30000,
               'num_warmup_steps': 1000,
               'peak_lr': 0.0001,
               'type': 'cosine_decay_with_warmup'},
 'seed': 1000,
 'steps': 15,
 'tolerance_s': 0.0001,
 'use_policy_training_preset': True,
 'wandb': {'add_tags': True,
           'disable_artifact': False,
           'enable': False,
           'entity': None,
           'mode': None,
           'notes': None,
           'project': 'lerobot',
           'run_id': None}}
INFO 2026-05-20 07:44:09 ot_train.py:220 Logs will be saved locally.
INFO 2026-05-20 07:44:09 ot_train.py:236 Creating dataset
INFO 2026-05-20 07:44:09 eo_utils.py:109 Using video codec: libsvtav1
INFO 2026-05-20 07:44:09 ot_train.py:270 Creating policy
`torch_dtype` is deprecated! Use `dtype` instead!
Loading  /models/public/SmolVLM2-500M-Video-Instruct weights ...
Loading weights:   0%|          | 0/489 [00:00<?, ?it/s]Loading weights: 100%|██████████| 489/489 [00:00<00:00, 7096.30it/s]
INFO 2026-05-20 07:44:13 ot_train.py:347 Creating optimizer and scheduler
INFO 2026-05-20 07:44:13 hedulers.py:111 Auto-scaling LR scheduler: num_training_steps (15) < num_decay_steps (30000). Scaling warmup: 1000 → 0, decay: 30000 → 15 (scale factor: 0.001)
INFO 2026-05-20 07:44:13 ot_train.py:374 Output dir: /models/ours/smolvla_sft_v.0.1.0
INFO 2026-05-20 07:44:13 ot_train.py:381 cfg.steps=15 (15)
INFO 2026-05-20 07:44:13 ot_train.py:382 dataset.num_frames=148 (148)
INFO 2026-05-20 07:44:13 ot_train.py:383 dataset.num_episodes=1
INFO 2026-05-20 07:44:13 ot_train.py:386 Effective batch size: 32 x 1 = 32
INFO 2026-05-20 07:44:13 ot_train.py:387 num_learnable_params=99880992 (100M)
INFO 2026-05-20 07:44:13 ot_train.py:388 num_total_params=450046176 (450M)
Reducing the number of VLM layers to 16 ...
Loading weights from local directory
Training: 0step [00:00, ?step/s]INFO 2026-05-20 07:44:13 ot_train.py:453 Start offline training on a fixed dataset, with effective batch size: 32
Training: 0step [00:00, ?step/s]
INFO 2026-05-20 07:44:13 ot_train.py:576 End of training
